../Core/Src/main.c:136:6:SetColumnMem	16	static
../Core/Src/main.c:145:6:DisableAllColumns	8	static
../Core/Src/main.c:159:6:SetRows	16	static
../Core/Src/main.c:175:6:SetColumn	16	static
../Core/Src/main.c:197:6:getTime	32	static
../Core/Src/main.c:219:6:getDate	32	static
../Core/Src/main.c:241:6:getYear	32	static
../Core/Src/main.c:275:6:EnterSettingMode	32	static
../Core/Src/main.c:320:6:NextField	8	static
../Core/Src/main.c:375:6:IncrementCurrentField	8	static
../Core/Src/main.c:460:6:ShowSettingValue	8	static
../Core/Src/main.c:502:6:beep	8	static
../Core/Src/main.c:512:6:getAlarm	8	static
../Core/Src/main.c:534:5:main	104	static
../Core/Src/main.c:924:6:SystemClock_Config	112	static
../Core/Src/main.c:978:13:MX_RTC_Init	72	static
../Core/Src/main.c:1061:13:MX_TIM2_Init	32	static
../Core/Src/main.c:1106:13:MX_TIM21_Init	48	static
../Core/Src/main.c:1165:13:MX_GPIO_Init	56	static
../Core/Src/main.c:1254:6:HAL_TIM_PeriodElapsedCallback	16	static
../Core/Src/main.c:1279:6:HAL_GPIO_EXTI_Callback	24	static
../Core/Src/main.c:1296:6:HAL_RTC_AlarmAEventCallback	16	static
../Core/Src/main.c:1317:6:Error_Handler	8	static,ignoring_inline_asm
