Archive member included to satisfy reference by file (symbol)

D:/Programs/Windows/Install_dir/ST/STM32CubeIDE_1.19.0/STM32CubeIDE/plugins/com.st.stm32cube.ide.mcu.externaltools.gnu-tools-for-stm32.13.3.rel1.win32_1.0.0.202411081344/tools/bin/../lib/gcc/arm-none-eabi/13.3.1/../../../../arm-none-eabi/lib/thumb/v6-m/nofp\libc_nano.a(libc_a-exit.o)
                              D:/Programs/Windows/Install_dir/ST/STM32CubeIDE_1.19.0/STM32CubeIDE/plugins/com.st.stm32cube.ide.mcu.externaltools.gnu-tools-for-stm32.13.3.rel1.win32_1.0.0.202411081344/tools/bin/../lib/gcc/arm-none-eabi/13.3.1/../../../../arm-none-eabi/lib/thumb/v6-m/nofp/crt0.o (exit)
D:/Programs/Windows/Install_dir/ST/STM32CubeIDE_1.19.0/STM32CubeIDE/plugins/com.st.stm32cube.ide.mcu.externaltools.gnu-tools-for-stm32.13.3.rel1.win32_1.0.0.202411081344/tools/bin/../lib/gcc/arm-none-eabi/13.3.1/../../../../arm-none-eabi/lib/thumb/v6-m/nofp\libc_nano.a(libc_a-findfp.o)
                              D:/Programs/Windows/Install_dir/ST/STM32CubeIDE_1.19.0/STM32CubeIDE/plugins/com.st.stm32cube.ide.mcu.externaltools.gnu-tools-for-stm32.13.3.rel1.win32_1.0.0.202411081344/tools/bin/../lib/gcc/arm-none-eabi/13.3.1/../../../../arm-none-eabi/lib/thumb/v6-m/nofp\libc_nano.a(libc_a-exit.o) (__stdio_exit_handler)
D:/Programs/Windows/Install_dir/ST/STM32CubeIDE_1.19.0/STM32CubeIDE/plugins/com.st.stm32cube.ide.mcu.externaltools.gnu-tools-for-stm32.13.3.rel1.win32_1.0.0.202411081344/tools/bin/../lib/gcc/arm-none-eabi/13.3.1/../../../../arm-none-eabi/lib/thumb/v6-m/nofp\libc_nano.a(libc_a-fwalk.o)
                              D:/Programs/Windows/Install_dir/ST/STM32CubeIDE_1.19.0/STM32CubeIDE/plugins/com.st.stm32cube.ide.mcu.externaltools.gnu-tools-for-stm32.13.3.rel1.win32_1.0.0.202411081344/tools/bin/../lib/gcc/arm-none-eabi/13.3.1/../../../../arm-none-eabi/lib/thumb/v6-m/nofp\libc_nano.a(libc_a-findfp.o) (_fwalk_sglue)
D:/Programs/Windows/Install_dir/ST/STM32CubeIDE_1.19.0/STM32CubeIDE/plugins/com.st.stm32cube.ide.mcu.externaltools.gnu-tools-for-stm32.13.3.rel1.win32_1.0.0.202411081344/tools/bin/../lib/gcc/arm-none-eabi/13.3.1/../../../../arm-none-eabi/lib/thumb/v6-m/nofp\libc_nano.a(libc_a-stdio.o)
                              D:/Programs/Windows/Install_dir/ST/STM32CubeIDE_1.19.0/STM32CubeIDE/plugins/com.st.stm32cube.ide.mcu.externaltools.gnu-tools-for-stm32.13.3.rel1.win32_1.0.0.202411081344/tools/bin/../lib/gcc/arm-none-eabi/13.3.1/../../../../arm-none-eabi/lib/thumb/v6-m/nofp\libc_nano.a(libc_a-findfp.o) (__sread)
D:/Programs/Windows/Install_dir/ST/STM32CubeIDE_1.19.0/STM32CubeIDE/plugins/com.st.stm32cube.ide.mcu.externaltools.gnu-tools-for-stm32.13.3.rel1.win32_1.0.0.202411081344/tools/bin/../lib/gcc/arm-none-eabi/13.3.1/../../../../arm-none-eabi/lib/thumb/v6-m/nofp\libc_nano.a(libc_a-memset.o)
                              D:/Programs/Windows/Install_dir/ST/STM32CubeIDE_1.19.0/STM32CubeIDE/plugins/com.st.stm32cube.ide.mcu.externaltools.gnu-tools-for-stm32.13.3.rel1.win32_1.0.0.202411081344/tools/bin/../lib/gcc/arm-none-eabi/13.3.1/../../../../arm-none-eabi/lib/thumb/v6-m/nofp/crt0.o (memset)
D:/Programs/Windows/Install_dir/ST/STM32CubeIDE_1.19.0/STM32CubeIDE/plugins/com.st.stm32cube.ide.mcu.externaltools.gnu-tools-for-stm32.13.3.rel1.win32_1.0.0.202411081344/tools/bin/../lib/gcc/arm-none-eabi/13.3.1/../../../../arm-none-eabi/lib/thumb/v6-m/nofp\libc_nano.a(libc_a-closer.o)
                              D:/Programs/Windows/Install_dir/ST/STM32CubeIDE_1.19.0/STM32CubeIDE/plugins/com.st.stm32cube.ide.mcu.externaltools.gnu-tools-for-stm32.13.3.rel1.win32_1.0.0.202411081344/tools/bin/../lib/gcc/arm-none-eabi/13.3.1/../../../../arm-none-eabi/lib/thumb/v6-m/nofp\libc_nano.a(libc_a-stdio.o) (_close_r)
D:/Programs/Windows/Install_dir/ST/STM32CubeIDE_1.19.0/STM32CubeIDE/plugins/com.st.stm32cube.ide.mcu.externaltools.gnu-tools-for-stm32.13.3.rel1.win32_1.0.0.202411081344/tools/bin/../lib/gcc/arm-none-eabi/13.3.1/../../../../arm-none-eabi/lib/thumb/v6-m/nofp\libc_nano.a(libc_a-reent.o)
                              D:/Programs/Windows/Install_dir/ST/STM32CubeIDE_1.19.0/STM32CubeIDE/plugins/com.st.stm32cube.ide.mcu.externaltools.gnu-tools-for-stm32.13.3.rel1.win32_1.0.0.202411081344/tools/bin/../lib/gcc/arm-none-eabi/13.3.1/../../../../arm-none-eabi/lib/thumb/v6-m/nofp\libc_nano.a(libc_a-closer.o) (errno)
D:/Programs/Windows/Install_dir/ST/STM32CubeIDE_1.19.0/STM32CubeIDE/plugins/com.st.stm32cube.ide.mcu.externaltools.gnu-tools-for-stm32.13.3.rel1.win32_1.0.0.202411081344/tools/bin/../lib/gcc/arm-none-eabi/13.3.1/../../../../arm-none-eabi/lib/thumb/v6-m/nofp\libc_nano.a(libc_a-impure.o)
                              D:/Programs/Windows/Install_dir/ST/STM32CubeIDE_1.19.0/STM32CubeIDE/plugins/com.st.stm32cube.ide.mcu.externaltools.gnu-tools-for-stm32.13.3.rel1.win32_1.0.0.202411081344/tools/bin/../lib/gcc/arm-none-eabi/13.3.1/../../../../arm-none-eabi/lib/thumb/v6-m/nofp\libc_nano.a(libc_a-reent.o) (_impure_ptr)
[...]
Memory Configuration

Name             Origin             Length             Attributes
RAM              0x20000000         0x00002000         xrw
FLASH            0x08000000         0x00008000         xr
*default*        0x00000000         0xffffffff

Linker script and memory map

LOAD D:/Programs/Windows/Install_dir/ST/STM32CubeIDE_1.19.0/STM32CubeIDE/plugins/com.st.stm32cube.ide.mcu.externaltools.gnu-tools-for-stm32.13.3.rel1.win32_1.0.0.202411081344/tools/bin/../lib/gcc/arm-none-eabi/13.3.1/thumb/v6-m/nofp/crti.o
LOAD D:/Programs/Windows/Install_dir/ST/STM32CubeIDE_1.19.0/STM32CubeIDE/plugins/com.st.stm32cube.ide.mcu.externaltools.gnu-tools-for-stm32.13.3.rel1.win32_1.0.0.202411081344/tools/bin/../lib/gcc/arm-none-eabi/13.3.1/thumb/v6-m/nofp/crtbegin.o
LOAD D:/Programs/Windows/Install_dir/ST/STM32CubeIDE_1.19.0/STM32CubeIDE/plugins/com.st.stm32cube.ide.mcu.externaltools.gnu-tools-for-stm32.13.3.rel1.win32_1.0.0.202411081344/tools/bin/../lib/gcc/arm-none-eabi/13.3.1/../../../../arm-none-eabi/lib/thumb/v6-m/nofp/crt0.o
LOAD ./Core/Src/main.o
LOAD ./Core/Src/stm32l0xx_hal_msp.o
LOAD ./Core/Src/stm32l0xx_it.o
LOAD ./Core/Src/syscalls.o
LOAD ./Core/Src/sysmem.o
LOAD ./Core/Src/system_stm32l0xx.o
LOAD ./Core/Startup/startup_stm32l010c6tx.o
LOAD ./Drivers/STM32L0xx_HAL_Driver/Src/stm32l0xx_hal.o
LOAD ./Drivers/STM32L0xx_HAL_Driver/Src/stm32l0xx_hal_cortex.o
LOAD ./Drivers/STM32L0xx_HAL_Driver/Src/stm32l0xx_hal_dma.o
LOAD ./Drivers/STM32L0xx_HAL_Driver/Src/stm32l0xx_hal_exti.o
LOAD ./Drivers/STM32L0xx_HAL_Driver/Src/stm32l0xx_hal_flash.o
LOAD ./Drivers/STM32L0xx_HAL_Driver/Src/stm32l0xx_hal_flash_ex.o
LOAD ./Drivers/STM32L0xx_HAL_Driver/Src/stm32l0xx_hal_flash_ramfunc.o
LOAD ./Drivers/STM32L0xx_HAL_Driver/Src/stm32l0xx_hal_gpio.o
LOAD ./Drivers/STM32L0xx_HAL_Driver/Src/stm32l0xx_hal_i2c.o
LOAD ./Drivers/STM32L0xx_HAL_Driver/Src/stm32l0xx_hal_i2c_ex.o
LOAD ./Drivers/STM32L0xx_HAL_Driver/Src/stm32l0xx_hal_pwr.o
LOAD ./Drivers/STM32L0xx_HAL_Driver/Src/stm32l0xx_hal_pwr_ex.o
LOAD ./Drivers/STM32L0xx_HAL_Driver/Src/stm32l0xx_hal_rcc.o
LOAD ./Drivers/STM32L0xx_HAL_Driver/Src/stm32l0xx_hal_rcc_ex.o
LOAD ./Drivers/STM32L0xx_HAL_Driver/Src/stm32l0xx_hal_rtc.o
LOAD ./Drivers/STM32L0xx_HAL_Driver/Src/stm32l0xx_hal_rtc_ex.o
LOAD ./Drivers/STM32L0xx_HAL_Driver/Src/stm32l0xx_hal_tim.o
LOAD ./Drivers/STM32L0xx_HAL_Driver/Src/stm32l0xx_hal_tim_ex.o
START GROUP
LOAD D:/Programs/Windows/Install_dir/ST/STM32CubeIDE_1.19.0/STM32CubeIDE/plugins/com.st.stm32cube.ide.mcu.externaltools.gnu-tools-for-stm32.13.3.rel1.win32_1.0.0.202411081344/tools/bin/../lib/gcc/arm-none-eabi/13.3.1/../../../../arm-none-eabi/lib/thumb/v6-m/nofp\libc_nano.a
LOAD D:/Programs/Windows/Install_dir/ST/STM32CubeIDE_1.19.0/STM32CubeIDE/plugins/com.st.stm32cube.ide.mcu.externaltools.gnu-tools-for-stm32.13.3.rel1.win32_1.0.0.202411081344/tools/bin/../lib/gcc/arm-none-eabi/13.3.1/../../../../arm-none-eabi/lib/thumb/v6-m/nofp\libm.a
END GROUP
START GROUP
LOAD D:/Programs/Windows/Install_dir/ST/STM32CubeIDE_1.19.0/STM32CubeIDE/plugins/com.st.stm32cube.ide.mcu.externaltools.gnu-tools-for-stm32.13.3.rel1.win32_1.0.0.202411081344/tools/bin/../lib/gcc/arm-none-eabi/13.3.1/thumb/v6-m/nofp\libgcc.a
LOAD D:/Programs/Windows/Install_dir/ST/STM32CubeIDE_1.19.0/STM32CubeIDE/plugins/com.st.stm32cube.ide.mcu.externaltools.gnu-tools-for-stm32.13.3.rel1.win32_1.0.0.202411081344/tools/bin/../lib/gcc/arm-none-eabi/13.3.1/../../../../arm-none-eabi/lib/thumb/v6-m/nofp\libc_nano.a
END GROUP
START GROUP
LOAD D:/Programs/Windows/Install_dir/ST/STM32CubeIDE_1.19.0/STM32CubeIDE/plugins/com.st.stm32cube.ide.mcu.externaltools.gnu-tools-for-stm32.13.3.rel1.win32_1.0.0.202411081344/tools/bin/../lib/gcc/arm-none-eabi/13.3.1/thumb/v6-m/nofp\libgcc.a
LOAD D:/Programs/Windows/Install_dir/ST/STM32CubeIDE_1.19.0/STM32CubeIDE/plugins/com.st.stm32cube.ide.mcu.externaltools.gnu-tools-for-stm32.13.3.rel1.win32_1.0.0.202411081344/tools/bin/../lib/gcc/arm-none-eabi/13.3.1/../../../../arm-none-eabi/lib/thumb/v6-m/nofp\libc_nano.a
LOAD D:/Programs/Windows/Install_dir/ST/STM32CubeIDE_1.19.0/STM32CubeIDE/plugins/com.st.stm32cube.ide.mcu.externaltools.gnu-tools-for-stm32.13.3.rel1.win32_1.0.0.202411081344/tools/bin/../lib/gcc/arm-none-eabi/13.3.1/../../../../arm-none-eabi/lib/thumb/v6-m/nofp\libnosys.a
END GROUP
START GROUP
LOAD D:/Programs/Windows/Install_dir/ST/STM32CubeIDE_1.19.0/STM32CubeIDE/plugins/com.st.stm32cube.ide.mcu.externaltools.gnu-tools-for-stm32.13.3.rel1.win32_1.0.0.202411081344/tools/bin/../lib/gcc/arm-none-eabi/13.3.1/thumb/v6-m/nofp\libgcc.a
LOAD D:/Programs/Windows/Install_dir/ST/STM32CubeIDE_1.19.0/STM32CubeIDE/plugins/com.st.stm32cube.ide.mcu.externaltools.gnu-tools-for-stm32.13.3.rel1.win32_1.0.0.202411081344/tools/bin/../lib/gcc/arm-none-eabi/13.3.1/../../../../arm-none-eabi/lib/thumb/v6-m/nofp\libc_nano.a
LOAD D:/Programs/Windows/Install_dir/ST/STM32CubeIDE_1.19.0/STM32CubeIDE/plugins/com.st.stm32cube.ide.mcu.externaltools.gnu-tools-for-stm32.13.3.rel1.win32_1.0.0.202411081344/tools/bin/../lib/gcc/arm-none-eabi/13.3.1/../../../../arm-none-eabi/lib/thumb/v6-m/nofp\libnosys.a
END GROUP
LOAD D:/Programs/Windows/Install_dir/ST/STM32CubeIDE_1.19.0/STM32CubeIDE/plugins/com.st.stm32cube.ide.mcu.externaltools.gnu-tools-for-stm32.13.3.rel1.win32_1.0.0.202411081344/tools/bin/../lib/gcc/arm-none-eabi/13.3.1/thumb/v6-m/nofp/crtend.o
LOAD D:/Programs/Windows/Install_dir/ST/STM32CubeIDE_1.19.0/STM32CubeIDE/plugins/com.st.stm32cube.ide.mcu.externaltools.gnu-tools-for-stm32.13.3.rel1.win32_1.0.0.202411081344/tools/bin/../lib/gcc/arm-none-eabi/13.3.1/thumb/v6-m/nofp/crtn.o
                0x20002000                        _estack = (ORIGIN (RAM) + LENGTH (RAM))
                0x00000200                        _Min_Heap_Size = 0x200
                0x00000400                        _Min_Stack_Size = 0x400

.isr_vector     0x08000000       0xc0
                0x08000000                        . = ALIGN (0x4)
 *(.isr_vector)
 .isr_vector    0x08000000       0xc0 ./Core/Startup/startup_stm32l010c6tx.o
                0x08000000                g_pfnVectors
                0x080000c0                        . = ALIGN (0x4)

.text           0x080000c0     0x4af0
                0x080000c0                        . = ALIGN (0x4)
 *(.text)
 .text          0x080000c0       0x48 D:/Programs/Windows/Install_dir/ST/STM32CubeIDE_1.19.0/STM32CubeIDE/plugins/com.st.stm32cube.ide.mcu.externaltools.gnu-tools-for-stm32.13.3.rel1.win32_1.0.0.202411081344/tools/bin/../lib/gcc/arm-none-eabi/13.3.1/thumb/v6-m/nofp/crtbegin.o
 .text          0x08000108      0x114 D:/Programs/Windows/Install_dir/ST/STM32CubeIDE_1.19.0/STM32CubeIDE/plugins/com.st.stm32cube.ide.mcu.externaltools.gnu-tools-for-stm32.13.3.rel1.win32_1.0.0.202411081344/tools/bin/../lib/gcc/arm-none-eabi/13.3.1/thumb/v6-m/nofp\libgcc.a(_udivsi3.o)
                0x08000108                __aeabi_uidiv
                0x08000108                __udivsi3
                0x08000214                __aeabi_uidivmod
 .text          0x0800021c        0x4 D:/Programs/Windows/Install_dir/ST/STM32CubeIDE_1.19.0/STM32CubeIDE/plugins/com.st.stm32cube.ide.mcu.externaltools.gnu-tools-for-stm32.13.3.rel1.win32_1.0.0.202411081344/tools/bin/../lib/gcc/arm-none-eabi/13.3.1/thumb/v6-m/nofp\libgcc.a(_dvmd_tls.o)
                0x0800021c                __aeabi_idiv0
                0x0800021c                __aeabi_ldiv0
 *(.text*)
 .text.SetColumnMem
                0x08000220       0x80 ./Core/Src/main.o
                0x08000220                SetColumnMem
 .text.DisableAllColumns
                0x080002a0       0x4a ./Core/Src/main.o
                0x080002a0                DisableAllColumns
 *fill*         0x080002ea        0x2 
 .text.SetRows  0x080002ec       0x94 ./Core/Src/main.o
                0x080002ec                SetRows
 .text.SetColumn
                0x08000380       0x76 ./Core/Src/main.o
                0x08000380                SetColumn
 *fill*         0x080003f6        0x2 
 .text.getTime  0x080003f8       0xbc ./Core/Src/main.o
                0x080003f8                getTime
 .text.getDate  0x080004b4       0xbc ./Core/Src/main.o
                0x080004b4                getDate
 .text.getYear  0x08000570       0xbc ./Core/Src/main.o
                0x08000570                getYear
 .text.EnterSettingMode
                0x0800062c       0xd4 ./Core/Src/main.o
                0x0800062c                EnterSettingMode
 .text.NextField
                0x08000700       0x6c ./Core/Src/main.o
                0x08000700                NextField
 .text.IncrementCurrentField
                0x0800076c      0x148 ./Core/Src/main.o
                0x0800076c                IncrementCurrentField
 .text.ShowSettingValue
                0x080008b4      0x1d8 ./Core/Src/main.o
                0x080008b4                ShowSettingValue
 .text.beep     0x08000a8c       0x28 ./Core/Src/main.o
                0x08000a8c                beep
 .text.getAlarm
                0x08000ab4       0x90 ./Core/Src/main.o
                0x08000ab4                getAlarm
 .text.main     0x08000b44      0x62c ./Core/Src/main.o
                0x08000b44                main
 .text.SystemClock_Config
                0x08001170       0xec ./Core/Src/main.o
                0x08001170                SystemClock_Config
 .text.MX_RTC_Init
                0x0800125c      0x138 ./Core/Src/main.o
 .text.MX_TIM2_Init
                0x08001394       0xa8 ./Core/Src/main.o
 .text.MX_TIM21_Init
                0x0800143c      0x100 ./Core/Src/main.o
 .text.MX_GPIO_Init
                0x0800153c      0x1d8 ./Core/Src/main.o
 .text.HAL_TIM_PeriodElapsedCallback
                0x08001714       0x6c ./Core/Src/main.o
                0x08001714                HAL_TIM_PeriodElapsedCallback
 .text.HAL_GPIO_EXTI_Callback
                0x08001780       0x50 ./Core/Src/main.o
                0x08001780                HAL_GPIO_EXTI_Callback
 .text.HAL_RTC_AlarmAEventCallback
                0x080017d0       0x64 ./Core/Src/main.o
                0x080017d0                HAL_RTC_AlarmAEventCallback
 .text.Error_Handler
                0x08001834        0xc ./Core/Src/main.o
                0x08001834                Error_Handler
 .text.HAL_MspInit
                0x08001840       0x38 ./Core/Src/stm32l0xx_hal_msp.o
                0x08001840                HAL_MspInit
 .text.HAL_RTC_MspInit
                0x08001878       0x40 ./Core/Src/stm32l0xx_hal_msp.o
                0x08001878                HAL_RTC_MspInit
 .text.HAL_TIM_Base_MspInit
                0x080018b8       0x68 ./Core/Src/stm32l0xx_hal_msp.o
                0x080018b8                HAL_TIM_Base_MspInit
 .text.HAL_TIM_MspPostInit
                0x08001920       0x78 ./Core/Src/stm32l0xx_hal_msp.o
                0x08001920                HAL_TIM_MspPostInit
 .text.NMI_Handler
                0x08001998        0x8 ./Core/Src/stm32l0xx_it.o
                0x08001998                NMI_Handler
 .text.HardFault_Handler
                0x080019a0        0x8 ./Core/Src/stm32l0xx_it.o
                0x080019a0                HardFault_Handler
 .text.SVC_Handler
                0x080019a8        0xa ./Core/Src/stm32l0xx_it.o
                0x080019a8                SVC_Handler
 .text.PendSV_Handler
                0x080019b2        0xa ./Core/Src/stm32l0xx_it.o
                0x080019b2                PendSV_Handler
 .text.SysTick_Handler
                0x080019bc        0xe ./Core/Src/stm32l0xx_it.o
                0x080019bc                SysTick_Handler
 *fill*         0x080019ca        0x2 
 .text.RTC_IRQHandler
                0x080019cc       0x18 ./Core/Src/stm32l0xx_it.o
                0x080019cc                RTC_IRQHandler
 .text.RCC_IRQHandler
                0x080019e4        0xa ./Core/Src/stm32l0xx_it.o
                0x080019e4                RCC_IRQHandler
 .text.EXTI0_1_IRQHandler
                0x080019ee       0x10 ./Core/Src/stm32l0xx_it.o
                0x080019ee                EXTI0_1_IRQHandler
 *fill*         0x080019fe        0x2 
 .text.TIM2_IRQHandler
                0x08001a00       0x18 ./Core/Src/stm32l0xx_it.o
                0x08001a00                TIM2_IRQHandler
 .text.TIM21_IRQHandler
                0x08001a18       0x18 ./Core/Src/stm32l0xx_it.o
                0x08001a18                TIM21_IRQHandler
 .text.SystemInit
                0x08001a30        0xa ./Core/Src/system_stm32l0xx.o
                0x08001a30                SystemInit
 *fill*         0x08001a3a        0x2 
 .text.Reset_Handler
                0x08001a3c       0x80 ./Core/Startup/startup_stm32l010c6tx.o
                0x08001a3c                Reset_Handler
 .text.Default_Handler
                0x08001abc        0x2 ./Core/Startup/startup_stm32l010c6tx.o
                0x08001abc                I2C1_IRQHandler
                0x08001abc                SPI1_IRQHandler
                0x08001abc                EXTI2_3_IRQHandler
                0x08001abc                ADC1_IRQHandler
                0x08001abc                DMA1_Channel4_5_6_7_IRQHandler
                0x08001abc                EXTI4_15_IRQHandler
                0x08001abc                DMA1_Channel1_IRQHandler
                0x08001abc                Default_Handler
                0x08001abc                WWDG_IRQHandler
                0x08001abc                LPUART1_IRQHandler
                0x08001abc                DMA1_Channel2_3_IRQHandler
                0x08001abc                USART2_IRQHandler
                0x08001abc                FLASH_IRQHandler
                0x08001abc                LPTIM1_IRQHandler
 *fill*         0x08001abe        0x2 
 .text.HAL_Init
                0x08001ac0       0x40 ./Drivers/STM32L0xx_HAL_Driver/Src/stm32l0xx_hal.o
                0x08001ac0                HAL_Init
 .text.HAL_InitTick
                0x08001b00       0x68 ./Drivers/STM32L0xx_HAL_Driver/Src/stm32l0xx_hal.o
                0x08001b00                HAL_InitTick
 .text.HAL_IncTick
                0x08001b68       0x24 ./Drivers/STM32L0xx_HAL_Driver/Src/stm32l0xx_hal.o
                0x08001b68                HAL_IncTick
 .text.HAL_GetTick
                0x08001b8c       0x14 ./Drivers/STM32L0xx_HAL_Driver/Src/stm32l0xx_hal.o
                0x08001b8c                HAL_GetTick
 .text.HAL_Delay
                0x08001ba0       0x48 ./Drivers/STM32L0xx_HAL_Driver/Src/stm32l0xx_hal.o
                0x08001ba0                HAL_Delay
 .text.HAL_SuspendTick
                0x08001be8       0x1c ./Drivers/STM32L0xx_HAL_Driver/Src/stm32l0xx_hal.o
                0x08001be8                HAL_SuspendTick
 .text.HAL_ResumeTick
                0x08001c04       0x1c ./Drivers/STM32L0xx_HAL_Driver/Src/stm32l0xx_hal.o
                0x08001c04                HAL_ResumeTick
 .text.__NVIC_EnableIRQ
                0x08001c20       0x34 ./Drivers/STM32L0xx_HAL_Driver/Src/stm32l0xx_hal_cortex.o
 .text.__NVIC_SetPriority
                0x08001c54       0xdc ./Drivers/STM32L0xx_HAL_Driver/Src/stm32l0xx_hal_cortex.o
 .text.SysTick_Config
                0x08001d30       0x48 ./Drivers/STM32L0xx_HAL_Driver/Src/stm32l0xx_hal_cortex.o
 .text.HAL_NVIC_SetPriority
                0x08001d78       0x2a ./Drivers/STM32L0xx_HAL_Driver/Src/stm32l0xx_hal_cortex.o
                0x08001d78                HAL_NVIC_SetPriority
 .text.HAL_NVIC_EnableIRQ
                0x08001da2       0x20 ./Drivers/STM32L0xx_HAL_Driver/Src/stm32l0xx_hal_cortex.o
                0x08001da2                HAL_NVIC_EnableIRQ
 .text.HAL_SYSTICK_Config
                0x08001dc2       0x1a ./Drivers/STM32L0xx_HAL_Driver/Src/stm32l0xx_hal_cortex.o
                0x08001dc2                HAL_SYSTICK_Config
 .text.FLASH_WaitForLastOperation
                0x08001ddc       0xe4 ./Drivers/STM32L0xx_HAL_Driver/Src/stm32l0xx_hal_flash.o
                0x08001ddc                FLASH_WaitForLastOperation
 .text.FLASH_SetErrorCode
                0x08001ec0      0x138 ./Drivers/STM32L0xx_HAL_Driver/Src/stm32l0xx_hal_flash.o
 .text.HAL_FLASHEx_DATAEEPROM_Unlock
                0x08001ff8       0x5c ./Drivers/STM32L0xx_HAL_Driver/Src/stm32l0xx_hal_flash_ex.o
                0x08001ff8                HAL_FLASHEx_DATAEEPROM_Unlock
 .text.HAL_FLASHEx_DATAEEPROM_Lock
                0x08002054       0x1c ./Drivers/STM32L0xx_HAL_Driver/Src/stm32l0xx_hal_flash_ex.o
                0x08002054                HAL_FLASHEx_DATAEEPROM_Lock
 .text.HAL_FLASHEx_DATAEEPROM_Program
                0x08002070       0xa8 ./Drivers/STM32L0xx_HAL_Driver/Src/stm32l0xx_hal_flash_ex.o
                0x08002070                HAL_FLASHEx_DATAEEPROM_Program
 .text.HAL_GPIO_Init
                0x08002118      0x2dc ./Drivers/STM32L0xx_HAL_Driver/Src/stm32l0xx_hal_gpio.o
                0x08002118                HAL_GPIO_Init
 .text.HAL_GPIO_ReadPin
                0x080023f4       0x3a ./Drivers/STM32L0xx_HAL_Driver/Src/stm32l0xx_hal_gpio.o
                0x080023f4                HAL_GPIO_ReadPin
 .text.HAL_GPIO_WritePin
                0x0800242e       0x3a ./Drivers/STM32L0xx_HAL_Driver/Src/stm32l0xx_hal_gpio.o
                0x0800242e                HAL_GPIO_WritePin
 .text.HAL_GPIO_EXTI_IRQHandler
                0x08002468       0x38 ./Drivers/STM32L0xx_HAL_Driver/Src/stm32l0xx_hal_gpio.o
                0x08002468                HAL_GPIO_EXTI_IRQHandler
 .text.HAL_PWR_EnableBkUpAccess
                0x080024a0       0x1c ./Drivers/STM32L0xx_HAL_Driver/Src/stm32l0xx_hal_pwr.o
                0x080024a0                HAL_PWR_EnableBkUpAccess
 .text.HAL_PWR_EnterSTOPMode
                0x080024bc       0xb8 ./Drivers/STM32L0xx_HAL_Driver/Src/stm32l0xx_hal_pwr.o
                0x080024bc                HAL_PWR_EnterSTOPMode
 .text.HAL_PWREx_EnableFastWakeUp
                0x08002574       0x1c ./Drivers/STM32L0xx_HAL_Driver/Src/stm32l0xx_hal_pwr_ex.o
                0x08002574                HAL_PWREx_EnableFastWakeUp
 .text.HAL_PWREx_EnableUltraLowPower
                0x08002590       0x1c ./Drivers/STM32L0xx_HAL_Driver/Src/stm32l0xx_hal_pwr_ex.o
                0x08002590                HAL_PWREx_EnableUltraLowPower
 .text.HAL_RCC_OscConfig
                0x080025ac      0x6f8 ./Drivers/STM32L0xx_HAL_Driver/Src/stm32l0xx_hal_rcc.o
                0x080025ac                HAL_RCC_OscConfig
 .text.HAL_RCC_ClockConfig
                0x08002ca4      0x290 ./Drivers/STM32L0xx_HAL_Driver/Src/stm32l0xx_hal_rcc.o
                0x08002ca4                HAL_RCC_ClockConfig
 .text.HAL_RCC_GetSysClockFreq
                0x08002f34      0x10c ./Drivers/STM32L0xx_HAL_Driver/Src/stm32l0xx_hal_rcc.o
                0x08002f34                HAL_RCC_GetSysClockFreq
 .text.HAL_RCCEx_PeriphCLKConfig
                0x08003040      0x258 ./Drivers/STM32L0xx_HAL_Driver/Src/stm32l0xx_hal_rcc_ex.o
                0x08003040                HAL_RCCEx_PeriphCLKConfig
 .text.HAL_RTC_Init
                0x08003298      0x138 ./Drivers/STM32L0xx_HAL_Driver/Src/stm32l0xx_hal_rtc.o
                0x08003298                HAL_RTC_Init
 .text.HAL_RTC_SetTime
                0x080033d0      0x154 ./Drivers/STM32L0xx_HAL_Driver/Src/stm32l0xx_hal_rtc.o
                0x080033d0                HAL_RTC_SetTime
 .text.HAL_RTC_GetTime
                0x08003524       0xbc ./Drivers/STM32L0xx_HAL_Driver/Src/stm32l0xx_hal_rtc.o
                0x08003524                HAL_RTC_GetTime
 .text.HAL_RTC_SetDate
                0x080035e0      0x128 ./Drivers/STM32L0xx_HAL_Driver/Src/stm32l0xx_hal_rtc.o
                0x080035e0                HAL_RTC_SetDate
 .text.HAL_RTC_GetDate
                0x08003708       0xa0 ./Drivers/STM32L0xx_HAL_Driver/Src/stm32l0xx_hal_rtc.o
                0x08003708                HAL_RTC_GetDate
 .text.HAL_RTC_SetAlarm_IT
                0x080037a8      0x2c4 ./Drivers/STM32L0xx_HAL_Driver/Src/stm32l0xx_hal_rtc.o
                0x080037a8                HAL_RTC_SetAlarm_IT
 .text.HAL_RTC_DeactivateAlarm
                0x08003a6c      0x144 ./Drivers/STM32L0xx_HAL_Driver/Src/stm32l0xx_hal_rtc.o
                0x08003a6c                HAL_RTC_DeactivateAlarm
 .text.HAL_RTC_AlarmIRQHandler
                0x08003bb0       0x9c ./Drivers/STM32L0xx_HAL_Driver/Src/stm32l0xx_hal_rtc.o
                0x08003bb0                HAL_RTC_AlarmIRQHandler
 .text.HAL_RTC_WaitForSynchro
                0x08003c4c       0x50 ./Drivers/STM32L0xx_HAL_Driver/Src/stm32l0xx_hal_rtc.o
                0x08003c4c                HAL_RTC_WaitForSynchro
 .text.RTC_EnterInitMode
                0x08003c9c       0x88 ./Drivers/STM32L0xx_HAL_Driver/Src/stm32l0xx_hal_rtc.o
                0x08003c9c                RTC_EnterInitMode
 .text.RTC_ExitInitMode
                0x08003d24       0x54 ./Drivers/STM32L0xx_HAL_Driver/Src/stm32l0xx_hal_rtc.o
                0x08003d24                RTC_ExitInitMode
 .text.RTC_ByteToBcd2
                0x08003d78       0x42 ./Drivers/STM32L0xx_HAL_Driver/Src/stm32l0xx_hal_rtc.o
                0x08003d78                RTC_ByteToBcd2
 .text.RTC_Bcd2ToByte
                0x08003dba       0x3e ./Drivers/STM32L0xx_HAL_Driver/Src/stm32l0xx_hal_rtc.o
                0x08003dba                RTC_Bcd2ToByte
 .text.HAL_RTCEx_AlarmBEventCallback
                0x08003df8       0x10 ./Drivers/STM32L0xx_HAL_Driver/Src/stm32l0xx_hal_rtc_ex.o
                0x08003df8                HAL_RTCEx_AlarmBEventCallback
 .text.HAL_TIM_Base_Init
                0x08003e08       0x80 ./Drivers/STM32L0xx_HAL_Driver/Src/stm32l0xx_hal_tim.o
                0x08003e08                HAL_TIM_Base_Init
 .text.HAL_TIM_Base_Start_IT
                0x08003e88       0x88 ./Drivers/STM32L0xx_HAL_Driver/Src/stm32l0xx_hal_tim.o
                0x08003e88                HAL_TIM_Base_Start_IT
 .text.HAL_TIM_Base_Stop_IT
                0x08003f10       0x4c ./Drivers/STM32L0xx_HAL_Driver/Src/stm32l0xx_hal_tim.o
                0x08003f10                HAL_TIM_Base_Stop_IT
 .text.HAL_TIM_PWM_Init
                0x08003f5c       0x80 ./Drivers/STM32L0xx_HAL_Driver/Src/stm32l0xx_hal_tim.o
                0x08003f5c                HAL_TIM_PWM_Init
 .text.HAL_TIM_PWM_MspInit
                0x08003fdc       0x10 ./Drivers/STM32L0xx_HAL_Driver/Src/stm32l0xx_hal_tim.o
                0x08003fdc                HAL_TIM_PWM_MspInit
 .text.HAL_TIM_PWM_Start
                0x08003fec      0x108 ./Drivers/STM32L0xx_HAL_Driver/Src/stm32l0xx_hal_tim.o
                0x08003fec                HAL_TIM_PWM_Start
 .text.HAL_TIM_PWM_Stop
                0x080040f4       0x7c ./Drivers/STM32L0xx_HAL_Driver/Src/stm32l0xx_hal_tim.o
                0x080040f4                HAL_TIM_PWM_Stop
 .text.HAL_TIM_IRQHandler
                0x08004170      0x198 ./Drivers/STM32L0xx_HAL_Driver/Src/stm32l0xx_hal_tim.o
                0x08004170                HAL_TIM_IRQHandler
 .text.HAL_TIM_PWM_ConfigChannel
                0x08004308      0x18c ./Drivers/STM32L0xx_HAL_Driver/Src/stm32l0xx_hal_tim.o
                0x08004308                HAL_TIM_PWM_ConfigChannel
 .text.HAL_TIM_ConfigClockSource
                0x08004494      0x1a8 ./Drivers/STM32L0xx_HAL_Driver/Src/stm32l0xx_hal_tim.o
                0x08004494                HAL_TIM_ConfigClockSource
 .text.HAL_TIM_OC_DelayElapsedCallback
                0x0800463c       0x10 ./Drivers/STM32L0xx_HAL_Driver/Src/stm32l0xx_hal_tim.o
                0x0800463c                HAL_TIM_OC_DelayElapsedCallback
 .text.HAL_TIM_IC_CaptureCallback
                0x0800464c       0x10 ./Drivers/STM32L0xx_HAL_Driver/Src/stm32l0xx_hal_tim.o
                0x0800464c                HAL_TIM_IC_CaptureCallback
 .text.HAL_TIM_PWM_PulseFinishedCallback
                0x0800465c       0x10 ./Drivers/STM32L0xx_HAL_Driver/Src/stm32l0xx_hal_tim.o
                0x0800465c                HAL_TIM_PWM_PulseFinishedCallback
 .text.HAL_TIM_TriggerCallback
                0x0800466c       0x10 ./Drivers/STM32L0xx_HAL_Driver/Src/stm32l0xx_hal_tim.o
                0x0800466c                HAL_TIM_TriggerCallback
 .text.TIM_Base_SetConfig
                0x0800467c       0xa0 ./Drivers/STM32L0xx_HAL_Driver/Src/stm32l0xx_hal_tim.o
 .text.TIM_OC1_SetConfig
                0x0800471c       0x78 ./Drivers/STM32L0xx_HAL_Driver/Src/stm32l0xx_hal_tim.o
 .text.TIM_OC2_SetConfig
                0x08004794       0x84 ./Drivers/STM32L0xx_HAL_Driver/Src/stm32l0xx_hal_tim.o
 .text.TIM_OC3_SetConfig
                0x08004818       0x80 ./Drivers/STM32L0xx_HAL_Driver/Src/stm32l0xx_hal_tim.o
 .text.TIM_OC4_SetConfig
                0x08004898       0x8c ./Drivers/STM32L0xx_HAL_Driver/Src/stm32l0xx_hal_tim.o
 .text.TIM_TI1_ConfigInputStage
                0x08004924       0x5c ./Drivers/STM32L0xx_HAL_Driver/Src/stm32l0xx_hal_tim.o
 .text.TIM_TI2_ConfigInputStage
                0x08004980       0x64 ./Drivers/STM32L0xx_HAL_Driver/Src/stm32l0xx_hal_tim.o
 .text.TIM_ITRx_SetConfig
                0x080049e4       0x32 ./Drivers/STM32L0xx_HAL_Driver/Src/stm32l0xx_hal_tim.o
 *fill*         0x08004a16        0x2 
 .text.TIM_ETR_SetConfig
                0x08004a18       0x40 ./Drivers/STM32L0xx_HAL_Driver/Src/stm32l0xx_hal_tim.o
 .text.TIM_CCxChannelCmd
                0x08004a58       0x46 ./Drivers/STM32L0xx_HAL_Driver/Src/stm32l0xx_hal_tim.o
 *fill*         0x08004a9e        0x2 
 .text.HAL_TIMEx_MasterConfigSynchronization
                0x08004aa0       0xa0 ./Drivers/STM32L0xx_HAL_Driver/Src/stm32l0xx_hal_tim_ex.o
                0x08004aa0                HAL_TIMEx_MasterConfigSynchronization
 .text.memset   0x08004b40       0x10 D:/Programs/Windows/Install_dir/ST/STM32CubeIDE_1.19.0/STM32CubeIDE/plugins/com.st.stm32cube.ide.mcu.externaltools.gnu-tools-for-stm32.13.3.rel1.win32_1.0.0.202411081344/tools/bin/../lib/gcc/arm-none-eabi/13.3.1/../../../../arm-none-eabi/lib/thumb/v6-m/nofp\libc_nano.a(libc_a-memset.o)
                0x08004b40                memset
 .text.__libc_init_array
                0x08004b50       0x48 D:/Programs/Windows/Install_dir/ST/STM32CubeIDE_1.19.0/STM32CubeIDE/plugins/com.st.stm32cube.ide.mcu.externaltools.gnu-tools-for-stm32.13.3.rel1.win32_1.0.0.202411081344/tools/bin/../lib/gcc/arm-none-eabi/13.3.1/../../../../arm-none-eabi/lib/thumb/v6-m/nofp\libc_nano.a(libc_a-init.o)
                0x08004b50                __libc_init_array
 *(.glue_7)
 .glue_7        0x08004b98        0x0 linker stubs
 *(.glue_7t)
 .glue_7t       0x08004b98        0x0 linker stubs
 *(.eh_frame)
 .eh_frame      0x08004b98        0x0 D:/Programs/Windows/Install_dir/ST/STM32CubeIDE_1.19.0/STM32CubeIDE/plugins/com.st.stm32cube.ide.mcu.externaltools.gnu-tools-for-stm32.13.3.rel1.win32_1.0.0.202411081344/tools/bin/../lib/gcc/arm-none-eabi/13.3.1/thumb/v6-m/nofp/crtbegin.o
 *(.init)
 .init          0x08004b98        0x4 D:/Programs/Windows/Install_dir/ST/STM32CubeIDE_1.19.0/STM32CubeIDE/plugins/com.st.stm32cube.ide.mcu.externaltools.gnu-tools-for-stm32.13.3.rel1.win32_1.0.0.202411081344/tools/bin/../lib/gcc/arm-none-eabi/13.3.1/thumb/v6-m/nofp/crti.o
                0x08004b98                _init
 .init          0x08004b9c        0x8 D:/Programs/Windows/Install_dir/ST/STM32CubeIDE_1.19.0/STM32CubeIDE/plugins/com.st.stm32cube.ide.mcu.externaltools.gnu-tools-for-stm32.13.3.rel1.win32_1.0.0.202411081344/tools/bin/../lib/gcc/arm-none-eabi/13.3.1/thumb/v6-m/nofp/crtn.o
 *(.fini)
 .fini          0x08004ba4        0x4 D:/Programs/Windows/Install_dir/ST/STM32CubeIDE_1.19.0/STM32CubeIDE/plugins/com.st.stm32cube.ide.mcu.externaltools.gnu-tools-for-stm32.13.3.rel1.win32_1.0.0.202411081344/tools/bin/../lib/gcc/arm-none-eabi/13.3.1/thumb/v6-m/nofp/crti.o
                0x08004ba4                _fini
 .fini          0x08004ba8        0x8 D:/Programs/Windows/Install_dir/ST/STM32CubeIDE_1.19.0/STM32CubeIDE/plugins/com.st.stm32cube.ide.mcu.externaltools.gnu-tools-for-stm32.13.3.rel1.win32_1.0.0.202411081344/tools/bin/../lib/gcc/arm-none-eabi/13.3.1/thumb/v6-m/nofp/crtn.o
                0x08004bb0                        . = ALIGN (0x4)
                0x08004bb0                        _etext = .

.vfp11_veneer   0x08004bb0        0x0
 .vfp11_veneer  0x08004bb0        0x0 linker stubs

.v4_bx          0x08004bb0        0x0
 .v4_bx         0x08004bb0        0x0 linker stubs

.iplt           0x08004bb0        0x0
 .iplt          0x08004bb0        0x0 D:/Programs/Windows/Install_dir/ST/STM32CubeIDE_1.19.0/STM32CubeIDE/plugins/com.st.stm32cube.ide.mcu.externaltools.gnu-tools-for-stm32.13.3.rel1.win32_1.0.0.202411081344/tools/bin/../lib/gcc/arm-none-eabi/13.3.1/thumb/v6-m/nofp/crtbegin.o

.rodata         0x08004bb0       0x64
                0x08004bb0                        . = ALIGN (0x4)
 *(.rodata)
 *(.rodata*)
 .rodata.NextField
                0x08004bb0       0x24 ./Core/Src/main.o
 .rodata.IncrementCurrentField
                0x08004bd4       0x24 ./Core/Src/main.o
 .rodata.AHBPrescTable
                0x08004bf8       0x10 ./Core/Src/system_stm32l0xx.o
                0x08004bf8                AHBPrescTable
 .rodata.PLLMulTable
                0x08004c08        0x9 ./Core/Src/system_stm32l0xx.o
                0x08004c08                PLLMulTable
                0x08004c14                        . = ALIGN (0x4)
 *fill*         0x08004c11        0x3 

.ARM.extab      0x08004c14        0x0
                0x08004c14                        . = ALIGN (0x4)
 *(.ARM.extab* .gnu.linkonce.armextab.*)
                0x08004c14                        . = ALIGN (0x4)

.ARM            0x08004c14        0x0
                0x08004c14                        . = ALIGN (0x4)
                0x08004c14                        __exidx_start = .
 *(.ARM.exidx*)
                0x08004c14                        __exidx_end = .
                0x08004c14                        . = ALIGN (0x4)

.preinit_array  0x08004c14        0x0
                0x08004c14                        . = ALIGN (0x4)
                0x08004c14                        PROVIDE (__preinit_array_start = .)
 *(.preinit_array*)
                0x08004c14                        PROVIDE (__preinit_array_end = .)
                0x08004c14                        . = ALIGN (0x4)

.init_array     0x08004c14        0x4
                0x08004c14                        . = ALIGN (0x4)
                0x08004c14                        PROVIDE (__init_array_start = .)
 *(SORT_BY_NAME(.init_array.*))
 *(.init_array*)
 .init_array    0x08004c14        0x4 D:/Programs/Windows/Install_dir/ST/STM32CubeIDE_1.19.0/STM32CubeIDE/plugins/com.st.stm32cube.ide.mcu.externaltools.gnu-tools-for-stm32.13.3.rel1.win32_1.0.0.202411081344/tools/bin/../lib/gcc/arm-none-eabi/13.3.1/thumb/v6-m/nofp/crtbegin.o
                0x08004c18                        PROVIDE (__init_array_end = .)
                0x08004c18                        . = ALIGN (0x4)

.fini_array     0x08004c18        0x4
                0x08004c18                        . = ALIGN (0x4)
                [!provide]                        PROVIDE (__fini_array_start = .)
 *(SORT_BY_NAME(.fini_array.*))
 *(.fini_array*)
 .fini_array    0x08004c18        0x4 D:/Programs/Windows/Install_dir/ST/STM32CubeIDE_1.19.0/STM32CubeIDE/plugins/com.st.stm32cube.ide.mcu.externaltools.gnu-tools-for-stm32.13.3.rel1.win32_1.0.0.202411081344/tools/bin/../lib/gcc/arm-none-eabi/13.3.1/thumb/v6-m/nofp/crtbegin.o
                [!provide]                        PROVIDE (__fini_array_end = .)
                0x08004c1c                        . = ALIGN (0x4)
                0x08004c1c                        _sidata = LOADADDR (.data)

.rel.dyn        0x08004c1c        0x0
 .rel.iplt      0x08004c1c        0x0 D:/Programs/Windows/Install_dir/ST/STM32CubeIDE_1.19.0/STM32CubeIDE/plugins/com.st.stm32cube.ide.mcu.externaltools.gnu-tools-for-stm32.13.3.rel1.win32_1.0.0.202411081344/tools/bin/../lib/gcc/arm-none-eabi/13.3.1/thumb/v6-m/nofp/crtbegin.o

.data           0x20000000       0x10 load address 0x08004c1c
                0x20000000                        . = ALIGN (0x4)
                0x20000000                        _sdata = .
 *(.data)
 *(.data*)
 .data.currentScreen
                0x20000000        0x1 ./Core/Src/main.o
                0x20000000                currentScreen
 *fill*         0x20000001        0x3 
 .data.SystemCoreClock
                0x20000004        0x4 ./Core/Src/system_stm32l0xx.o
                0x20000004                SystemCoreClock
 .data.uwTickPrio
                0x20000008        0x4 ./Drivers/STM32L0xx_HAL_Driver/Src/stm32l0xx_hal.o
                0x20000008                uwTickPrio
 .data.uwTickFreq
                0x2000000c        0x1 ./Drivers/STM32L0xx_HAL_Driver/Src/stm32l0xx_hal.o
                0x2000000c                uwTickFreq
 *(.RamFunc)
 *(.RamFunc*)
                0x20000010                        . = ALIGN (0x4)
 *fill*         0x2000000d        0x3 
                0x20000010                        _edata = .

.igot.plt       0x20000010        0x0 load address 0x08004c2c
 .igot.plt      0x20000010        0x0 D:/Programs/Windows/Install_dir/ST/STM32CubeIDE_1.19.0/STM32CubeIDE/plugins/com.st.stm32cube.ide.mcu.externaltools.gnu-tools-for-stm32.13.3.rel1.win32_1.0.0.202411081344/tools/bin/../lib/gcc/arm-none-eabi/13.3.1/thumb/v6-m/nofp/crtbegin.o
                0x20000010                        . = ALIGN (0x4)

.bss            0x20000010      0x13c load address 0x08004c2c
                0x20000010                        _sbss = .
                0x20000010                        __bss_start__ = _sbss
 *(.bss)
 .bss           0x20000010       0x1c D:/Programs/Windows/Install_dir/ST/STM32CubeIDE_1.19.0/STM32CubeIDE/plugins/com.st.stm32cube.ide.mcu.externaltools.gnu-tools-for-stm32.13.3.rel1.win32_1.0.0.202411081344/tools/bin/../lib/gcc/arm-none-eabi/13.3.1/thumb/v6-m/nofp/crtbegin.o
 *(.bss*)
 .bss.matrix    0x2000002c       0x10 ./Core/Src/main.o
                0x2000002c                matrix
 .bss.hour_tens
                0x2000003c        0x1 ./Core/Src/main.o
                0x2000003c                hour_tens
 .bss.hour_ones
                0x2000003d        0x1 ./Core/Src/main.o
                0x2000003d                hour_ones
 .bss.min_tens  0x2000003e        0x1 ./Core/Src/main.o
                0x2000003e                min_tens
 .bss.min_ones  0x2000003f        0x1 ./Core/Src/main.o
                0x2000003f                min_ones
 .bss.day_tens  0x20000040        0x1 ./Core/Src/main.o
                0x20000040                day_tens
 .bss.day_ones  0x20000041        0x1 ./Core/Src/main.o
                0x20000041                day_ones
 .bss.date_tens
                0x20000042        0x1 ./Core/Src/main.o
                0x20000042                date_tens
 .bss.date_ones
                0x20000043        0x1 ./Core/Src/main.o
                0x20000043                date_ones
 .bss.year_tens
                0x20000044        0x1 ./Core/Src/main.o
                0x20000044                year_tens
 .bss.year_ones
                0x20000045        0x1 ./Core/Src/main.o
                0x20000045                year_ones
 .bss.month_tens
                0x20000046        0x1 ./Core/Src/main.o
                0x20000046                month_tens
 .bss.month_ones
                0x20000047        0x1 ./Core/Src/main.o
                0x20000047                month_ones
 .bss.editHour  0x20000048        0x1 ./Core/Src/main.o
                0x20000048                editHour
 .bss.editMinute
                0x20000049        0x1 ./Core/Src/main.o
                0x20000049                editMinute
 .bss.editWeekday
                0x2000004a        0x1 ./Core/Src/main.o
                0x2000004a                editWeekday
 .bss.editDate  0x2000004b        0x1 ./Core/Src/main.o
                0x2000004b                editDate
 .bss.editMonth
                0x2000004c        0x1 ./Core/Src/main.o
                0x2000004c                editMonth
 .bss.editYear  0x2000004d        0x1 ./Core/Src/main.o
                0x2000004d                editYear
 .bss.alarmHour
                0x2000004e        0x1 ./Core/Src/main.o
                0x2000004e                alarmHour
 .bss.alarmMinute
                0x2000004f        0x1 ./Core/Src/main.o
                0x2000004f                alarmMinute
 .bss.editAlarmHour
                0x20000050        0x1 ./Core/Src/main.o
                0x20000050                editAlarmHour
 .bss.editAlarmMinute
                0x20000051        0x1 ./Core/Src/main.o
                0x20000051                editAlarmMinute
 .bss.alarmEnabled
                0x20000052        0x1 ./Core/Src/main.o
                0x20000052                alarmEnabled
 .bss.alarmActive
                0x20000053        0x1 ./Core/Src/main.o
                0x20000053                alarmActive
 .bss.alarmStartTime
                0x20000054        0x4 ./Core/Src/main.o
                0x20000054                alarmStartTime
 .bss.alarmTimer
                0x20000058        0x4 ./Core/Src/main.o
                0x20000058                alarmTimer
 .bss.beepCount
                0x2000005c        0x1 ./Core/Src/main.o
                0x2000005c                beepCount
 .bss.buzzerOn  0x2000005d        0x1 ./Core/Src/main.o
                0x2000005d                buzzerOn
 *fill*         0x2000005e        0x2 
 .bss.displayTimeout
                0x20000060        0x4 ./Core/Src/main.o
                0x20000060                displayTimeout
 .bss.displayEnabled
                0x20000064        0x1 ./Core/Src/main.o
                0x20000064                displayEnabled
 *fill*         0x20000065        0x3 
 .bss.buttonPressTime
                0x20000068        0xc ./Core/Src/main.o
                0x20000068                buttonPressTime
 .bss.buttonPressed
                0x20000074        0x3 ./Core/Src/main.o
                0x20000074                buttonPressed
 *fill*         0x20000077        0x1 
 .bss.lastButtonInterrupt
                0x20000078        0xc ./Core/Src/main.o
                0x20000078                lastButtonInterrupt
 .bss.settingMode
                0x20000084        0x1 ./Core/Src/main.o
                0x20000084                settingMode
 *fill*         0x20000085        0x3 
 .bss.hrtc      0x20000088       0x24 ./Core/Src/main.o
                0x20000088                hrtc
 .bss.htim2     0x200000ac       0x40 ./Core/Src/main.o
                0x200000ac                htim2
 .bss.htim21    0x200000ec       0x40 ./Core/Src/main.o
                0x200000ec                htim21
 .bss.currentMode
                0x2000012c        0x1 ./Core/Src/main.o
                0x2000012c                currentMode
 .bss.currentColumn
                0x2000012d        0x1 ./Core/Src/main.o
                0x2000012d                currentColumn
 *fill*         0x2000012e        0x2 
 .bss.uwTick    0x20000130        0x4 ./Drivers/STM32L0xx_HAL_Driver/Src/stm32l0xx_hal.o
                0x20000130                uwTick
 .bss.pFlash    0x20000134       0x18 ./Drivers/STM32L0xx_HAL_Driver/Src/stm32l0xx_hal_flash.o
                0x20000134                pFlash
 *(COMMON)
                0x2000014c                        . = ALIGN (0x4)
                0x2000014c                        _ebss = .
                0x2000014c                        __bss_end__ = _ebss

._user_heap_stack
                0x2000014c      0x604 load address 0x08004c2c
                0x20000150                        . = ALIGN (0x8)
 *fill*         0x2000014c        0x4 
                [!provide]                        PROVIDE (end = .)
                0x20000150                        PROVIDE (_end = .)
                0x20000350                        . = (. + _Min_Heap_Size)
 *fill*         0x20000150      0x200 
                0x20000750                        . = (. + _Min_Stack_Size)
 *fill*         0x20000350      0x400 
                0x20000750                        . = ALIGN (0x8)

/DISCARD/
 libc.a(*)
 libm.a(*)
 libgcc.a(*)

.ARM.attributes
                0x00000000       0x28
 *(.ARM.attributes)
 .ARM.attributes
                0x00000000       0x1e D:/Programs/Windows/Install_dir/ST/STM32CubeIDE_1.19.0/STM32CubeIDE/plugins/com.st.stm32cube.ide.mcu.externaltools.gnu-tools-for-stm32.13.3.rel1.win32_1.0.0.202411081344/tools/bin/../lib/gcc/arm-none-eabi/13.3.1/thumb/v6-m/nofp/crti.o
 .ARM.attributes
                0x0000001e       0x2c D:/Programs/Windows/Install_dir/ST/STM32CubeIDE_1.19.0/STM32CubeIDE/plugins/com.st.stm32cube.ide.mcu.externaltools.gnu-tools-for-stm32.13.3.rel1.win32_1.0.0.202411081344/tools/bin/../lib/gcc/arm-none-eabi/13.3.1/thumb/v6-m/nofp/crtbegin.o
 .ARM.attributes
                0x0000004a       0x2c ./Core/Src/main.o
 .ARM.attributes
                0x00000076       0x2c ./Core/Src/stm32l0xx_hal_msp.o
 .ARM.attributes
                0x000000a2       0x2c ./Core/Src/stm32l0xx_it.o
 .ARM.attributes
                0x000000ce       0x2c ./Core/Src/system_stm32l0xx.o
 .ARM.attributes
                0x000000fa       0x22 ./Core/Startup/startup_stm32l010c6tx.o
 .ARM.attributes
                0x0000011c       0x2c ./Drivers/STM32L0xx_HAL_Driver/Src/stm32l0xx_hal.o
 .ARM.attributes
                0x00000148       0x2c ./Drivers/STM32L0xx_HAL_Driver/Src/stm32l0xx_hal_cortex.o
 .ARM.attributes
                0x00000174       0x2c ./Drivers/STM32L0xx_HAL_Driver/Src/stm32l0xx_hal_flash.o
 .ARM.attributes
                0x000001a0       0x2c ./Drivers/STM32L0xx_HAL_Driver/Src/stm32l0xx_hal_flash_ex.o
 .ARM.attributes
                0x000001cc       0x2c ./Drivers/STM32L0xx_HAL_Driver/Src/stm32l0xx_hal_gpio.o
 .ARM.attributes
                0x000001f8       0x2c ./Drivers/STM32L0xx_HAL_Driver/Src/stm32l0xx_hal_pwr.o
 .ARM.attributes
                0x00000224       0x2c ./Drivers/STM32L0xx_HAL_Driver/Src/stm32l0xx_hal_pwr_ex.o
 .ARM.attributes
                0x00000250       0x2c ./Drivers/STM32L0xx_HAL_Driver/Src/stm32l0xx_hal_rcc.o
 .ARM.attributes
                0x0000027c       0x2c ./Drivers/STM32L0xx_HAL_Driver/Src/stm32l0xx_hal_rcc_ex.o
 .ARM.attributes
                0x000002a8       0x2c ./Drivers/STM32L0xx_HAL_Driver/Src/stm32l0xx_hal_rtc.o
 .ARM.attributes
                0x000002d4       0x2c ./Drivers/STM32L0xx_HAL_Driver/Src/stm32l0xx_hal_rtc_ex.o
 .ARM.attributes
                0x00000300       0x2c ./Drivers/STM32L0xx_HAL_Driver/Src/stm32l0xx_hal_tim.o
 .ARM.attributes
                0x0000032c       0x2c ./Drivers/STM32L0xx_HAL_Driver/Src/stm32l0xx_hal_tim_ex.o
 .ARM.attributes
                0x00000358       0x2c D:/Programs/Windows/Install_dir/ST/STM32CubeIDE_1.19.0/STM32CubeIDE/plugins/com.st.stm32cube.ide.mcu.externaltools.gnu-tools-for-stm32.13.3.rel1.win32_1.0.0.202411081344/tools/bin/../lib/gcc/arm-none-eabi/13.3.1/../../../../arm-none-eabi/lib/thumb/v6-m/nofp\libc_nano.a(libc_a-memset.o)
 .ARM.attributes
                0x00000384       0x2c D:/Programs/Windows/Install_dir/ST/STM32CubeIDE_1.19.0/STM32CubeIDE/plugins/com.st.stm32cube.ide.mcu.externaltools.gnu-tools-for-stm32.13.3.rel1.win32_1.0.0.202411081344/tools/bin/../lib/gcc/arm-none-eabi/13.3.1/../../../../arm-none-eabi/lib/thumb/v6-m/nofp\libc_nano.a(libc_a-init.o)
 .ARM.attributes
                0x000003b0       0x1e D:/Programs/Windows/Install_dir/ST/STM32CubeIDE_1.19.0/STM32CubeIDE/plugins/com.st.stm32cube.ide.mcu.externaltools.gnu-tools-for-stm32.13.3.rel1.win32_1.0.0.202411081344/tools/bin/../lib/gcc/arm-none-eabi/13.3.1/thumb/v6-m/nofp\libgcc.a(_udivsi3.o)
 .ARM.attributes
                0x000003ce       0x1e D:/Programs/Windows/Install_dir/ST/STM32CubeIDE_1.19.0/STM32CubeIDE/plugins/com.st.stm32cube.ide.mcu.externaltools.gnu-tools-for-stm32.13.3.rel1.win32_1.0.0.202411081344/tools/bin/../lib/gcc/arm-none-eabi/13.3.1/thumb/v6-m/nofp\libgcc.a(_dvmd_tls.o)
 .ARM.attributes
                0x000003ec       0x1e D:/Programs/Windows/Install_dir/ST/STM32CubeIDE_1.19.0/STM32CubeIDE/plugins/com.st.stm32cube.ide.mcu.externaltools.gnu-tools-for-stm32.13.3.rel1.win32_1.0.0.202411081344/tools/bin/../lib/gcc/arm-none-eabi/13.3.1/thumb/v6-m/nofp/crtn.o
OUTPUT(Binary Watch.elf elf32-littlearm)
LOAD linker stubs
LOAD D:/Programs/Windows/Install_dir/ST/STM32CubeIDE_1.19.0/STM32CubeIDE/plugins/com.st.stm32cube.ide.mcu.externaltools.gnu-tools-for-stm32.13.3.rel1.win32_1.0.0.202411081344/tools/bin/../lib/gcc/arm-none-eabi/13.3.1/../../../../arm-none-eabi/lib/thumb/v6-m/nofp\libc.a
LOAD D:/Programs/Windows/Install_dir/ST/STM32CubeIDE_1.19.0/STM32CubeIDE/plugins/com.st.stm32cube.ide.mcu.externaltools.gnu-tools-for-stm32.13.3.rel1.win32_1.0.0.202411081344/tools/bin/../lib/gcc/arm-none-eabi/13.3.1/../../../../arm-none-eabi/lib/thumb/v6-m/nofp\libm.a
LOAD D:/Programs/Windows/Install_dir/ST/STM32CubeIDE_1.19.0/STM32CubeIDE/plugins/com.st.stm32cube.ide.mcu.externaltools.gnu-tools-for-stm32.13.3.rel1.win32_1.0.0.202411081344/tools/bin/../lib/gcc/arm-none-eabi/13.3.1/thumb/v6-m/nofp\libgcc.a

.debug_info     0x00000000     0xb3e9
 .debug_info    0x00000000     0x1b59 ./Core/Src/main.o
 .debug_info    0x00001b59      0xc62 ./Core/Src/stm32l0xx_hal_msp.o
 .debug_info    0x000027bb      0x937 ./Core/Src/stm32l0xx_it.o
 .debug_info    0x000030f2      0x2d0 ./Core/Src/system_stm32l0xx.o
 .debug_info    0x000033c2       0x30 ./Core/Startup/startup_stm32l010c6tx.o
 .debug_info    0x000033f2      0x80c ./Drivers/STM32L0xx_HAL_Driver/Src/stm32l0xx_hal.o
 .debug_info    0x00003bfe      0x66c ./Drivers/STM32L0xx_HAL_Driver/Src/stm32l0xx_hal_cortex.o
 .debug_info    0x0000426a      0x574 ./Drivers/STM32L0xx_HAL_Driver/Src/stm32l0xx_hal_flash.o
 .debug_info    0x000047de      0x9c2 ./Drivers/STM32L0xx_HAL_Driver/Src/stm32l0xx_hal_flash_ex.o
 .debug_info    0x000051a0      0x62c ./Drivers/STM32L0xx_HAL_Driver/Src/stm32l0xx_hal_gpio.o
 .debug_info    0x000057cc      0x4dd ./Drivers/STM32L0xx_HAL_Driver/Src/stm32l0xx_hal_pwr.o
 .debug_info    0x00005ca9      0x193 ./Drivers/STM32L0xx_HAL_Driver/Src/stm32l0xx_hal_pwr_ex.o
 .debug_info    0x00005e3c      0x93f ./Drivers/STM32L0xx_HAL_Driver/Src/stm32l0xx_hal_rcc.o
 .debug_info    0x0000677b      0x46d ./Drivers/STM32L0xx_HAL_Driver/Src/stm32l0xx_hal_rcc_ex.o
 .debug_info    0x00006be8      0xb7a ./Drivers/STM32L0xx_HAL_Driver/Src/stm32l0xx_hal_rtc.o
 .debug_info    0x00007762      0xe07 ./Drivers/STM32L0xx_HAL_Driver/Src/stm32l0xx_hal_rtc_ex.o
 .debug_info    0x00008569     0x27d1 ./Drivers/STM32L0xx_HAL_Driver/Src/stm32l0xx_hal_tim.o
 .debug_info    0x0000ad3a      0x6af ./Drivers/STM32L0xx_HAL_Driver/Src/stm32l0xx_hal_tim_ex.o

.debug_abbrev   0x00000000     0x2397
 .debug_abbrev  0x00000000      0x3aa ./Core/Src/main.o
 .debug_abbrev  0x000003aa      0x1c5 ./Core/Src/stm32l0xx_hal_msp.o
 .debug_abbrev  0x0000056f      0x1a4 ./Core/Src/stm32l0xx_it.o
 .debug_abbrev  0x00000713      0x11c ./Core/Src/system_stm32l0xx.o
 .debug_abbrev  0x0000082f       0x24 ./Core/Startup/startup_stm32l010c6tx.o
 .debug_abbrev  0x00000853      0x2a4 ./Drivers/STM32L0xx_HAL_Driver/Src/stm32l0xx_hal.o
 .debug_abbrev  0x00000af7      0x26f ./Drivers/STM32L0xx_HAL_Driver/Src/stm32l0xx_hal_cortex.o
 .debug_abbrev  0x00000d66      0x2b5 ./Drivers/STM32L0xx_HAL_Driver/Src/stm32l0xx_hal_flash.o
 .debug_abbrev  0x0000101b      0x2ec ./Drivers/STM32L0xx_HAL_Driver/Src/stm32l0xx_hal_flash_ex.o
 .debug_abbrev  0x00001307      0x1cb ./Drivers/STM32L0xx_HAL_Driver/Src/stm32l0xx_hal_gpio.o
 .debug_abbrev  0x000014d2      0x112 ./Drivers/STM32L0xx_HAL_Driver/Src/stm32l0xx_hal_pwr.o
 .debug_abbrev  0x000015e4      0x106 ./Drivers/STM32L0xx_HAL_Driver/Src/stm32l0xx_hal_pwr_ex.o
 .debug_abbrev  0x000016ea      0x296 ./Drivers/STM32L0xx_HAL_Driver/Src/stm32l0xx_hal_rcc.o
 .debug_abbrev  0x00001980      0x1d2 ./Drivers/STM32L0xx_HAL_Driver/Src/stm32l0xx_hal_rcc_ex.o
 .debug_abbrev  0x00001b52      0x1eb ./Drivers/STM32L0xx_HAL_Driver/Src/stm32l0xx_hal_rtc.o
 .debug_abbrev  0x00001d3d      0x23d ./Drivers/STM32L0xx_HAL_Driver/Src/stm32l0xx_hal_rtc_ex.o
 .debug_abbrev  0x00001f7a      0x272 ./Drivers/STM32L0xx_HAL_Driver/Src/stm32l0xx_hal_tim.o
 .debug_abbrev  0x000021ec      0x1ab ./Drivers/STM32L0xx_HAL_Driver/Src/stm32l0xx_hal_tim_ex.o

.debug_aranges  0x00000000      0xd08
 .debug_aranges
                0x00000000       0xd0 ./Core/Src/main.o
 .debug_aranges
                0x000000d0       0x48 ./Core/Src/stm32l0xx_hal_msp.o
 .debug_aranges
                0x00000118       0x68 ./Core/Src/stm32l0xx_it.o
 .debug_aranges
                0x00000180       0x28 ./Core/Src/system_stm32l0xx.o
 .debug_aranges
                0x000001a8       0x28 ./Core/Startup/startup_stm32l010c6tx.o
 .debug_aranges
                0x000001d0      0x110 ./Drivers/STM32L0xx_HAL_Driver/Src/stm32l0xx_hal.o
 .debug_aranges
                0x000002e0       0xc0 ./Drivers/STM32L0xx_HAL_Driver/Src/stm32l0xx_hal_cortex.o
 .debug_aranges
                0x000003a0       0x80 ./Drivers/STM32L0xx_HAL_Driver/Src/stm32l0xx_hal_flash.o
 .debug_aranges
                0x00000420       0xe0 ./Drivers/STM32L0xx_HAL_Driver/Src/stm32l0xx_hal_flash_ex.o
 .debug_aranges
                0x00000500       0x58 ./Drivers/STM32L0xx_HAL_Driver/Src/stm32l0xx_hal_gpio.o
 .debug_aranges
                0x00000558       0x78 ./Drivers/STM32L0xx_HAL_Driver/Src/stm32l0xx_hal_pwr.o
 .debug_aranges
                0x000005d0       0x50 ./Drivers/STM32L0xx_HAL_Driver/Src/stm32l0xx_hal_pwr_ex.o
 .debug_aranges
                0x00000620       0x80 ./Drivers/STM32L0xx_HAL_Driver/Src/stm32l0xx_hal_rcc.o
 .debug_aranges
                0x000006a0       0x58 ./Drivers/STM32L0xx_HAL_Driver/Src/stm32l0xx_hal_rcc_ex.o
 .debug_aranges
                0x000006f8       0xe8 ./Drivers/STM32L0xx_HAL_Driver/Src/stm32l0xx_hal_rtc.o
 .debug_aranges
                0x000007e0      0x130 ./Drivers/STM32L0xx_HAL_Driver/Src/stm32l0xx_hal_rtc_ex.o
 .debug_aranges
                0x00000910      0x3d0 ./Drivers/STM32L0xx_HAL_Driver/Src/stm32l0xx_hal_tim.o
 .debug_aranges
                0x00000ce0       0x28 ./Drivers/STM32L0xx_HAL_Driver/Src/stm32l0xx_hal_tim_ex.o

.debug_rnglists
                0x00000000      0x9f0
 .debug_rnglists
                0x00000000       0xa6 ./Core/Src/main.o
 .debug_rnglists
                0x000000a6       0x31 ./Core/Src/stm32l0xx_hal_msp.o
 .debug_rnglists
                0x000000d7       0x49 ./Core/Src/stm32l0xx_it.o
 .debug_rnglists
                0x00000120       0x1a ./Core/Src/system_stm32l0xx.o
 .debug_rnglists
                0x0000013a       0x1a ./Core/Startup/startup_stm32l010c6tx.o
 .debug_rnglists
                0x00000154       0xc7 ./Drivers/STM32L0xx_HAL_Driver/Src/stm32l0xx_hal.o
 .debug_rnglists
                0x0000021b       0x8c ./Drivers/STM32L0xx_HAL_Driver/Src/stm32l0xx_hal_cortex.o
 .debug_rnglists
                0x000002a7       0x5f ./Drivers/STM32L0xx_HAL_Driver/Src/stm32l0xx_hal_flash.o
 .debug_rnglists
                0x00000306       0xae ./Drivers/STM32L0xx_HAL_Driver/Src/stm32l0xx_hal_flash_ex.o
 .debug_rnglists
                0x000003b4       0x3f ./Drivers/STM32L0xx_HAL_Driver/Src/stm32l0xx_hal_gpio.o
 .debug_rnglists
                0x000003f3       0x57 ./Drivers/STM32L0xx_HAL_Driver/Src/stm32l0xx_hal_pwr.o
 .debug_rnglists
                0x0000044a       0x37 ./Drivers/STM32L0xx_HAL_Driver/Src/stm32l0xx_hal_pwr_ex.o
 .debug_rnglists
                0x00000481       0x61 ./Drivers/STM32L0xx_HAL_Driver/Src/stm32l0xx_hal_rcc.o
 .debug_rnglists
                0x000004e2       0x40 ./Drivers/STM32L0xx_HAL_Driver/Src/stm32l0xx_hal_rcc_ex.o
 .debug_rnglists
                0x00000522       0xb5 ./Drivers/STM32L0xx_HAL_Driver/Src/stm32l0xx_hal_rtc.o
 .debug_rnglists
                0x000005d7       0xf0 ./Drivers/STM32L0xx_HAL_Driver/Src/stm32l0xx_hal_rtc_ex.o
 .debug_rnglists
                0x000006c7      0x30f ./Drivers/STM32L0xx_HAL_Driver/Src/stm32l0xx_hal_tim.o
 .debug_rnglists
                0x000009d6       0x1a ./Drivers/STM32L0xx_HAL_Driver/Src/stm32l0xx_hal_tim_ex.o

.debug_macro    0x00000000    0x10f5d
 .debug_macro   0x00000000      0x1be ./Core/Src/main.o
 .debug_macro   0x000001be      0xaae ./Core/Src/main.o
 .debug_macro   0x00000c6c      0x11f ./Core/Src/main.o
 .debug_macro   0x00000d8b       0x2e ./Core/Src/main.o
 .debug_macro   0x00000db9       0x28 ./Core/Src/main.o
 .debug_macro   0x00000de1       0x22 ./Core/Src/main.o
 .debug_macro   0x00000e03       0x8e ./Core/Src/main.o
 .debug_macro   0x00000e91       0x51 ./Core/Src/main.o
 .debug_macro   0x00000ee2      0x103 ./Core/Src/main.o
 .debug_macro   0x00000fe5       0x6a ./Core/Src/main.o
 .debug_macro   0x0000104f      0x1df ./Core/Src/main.o
 .debug_macro   0x0000122e       0x1c ./Core/Src/main.o
 .debug_macro   0x0000124a       0x22 ./Core/Src/main.o
 .debug_macro   0x0000126c       0xaf ./Core/Src/main.o
 .debug_macro   0x0000131b      0x3ad ./Core/Src/main.o
 .debug_macro   0x000016c8     0x7c60 ./Core/Src/main.o
 .debug_macro   0x00009328       0x66 ./Core/Src/main.o
 .debug_macro   0x0000938e     0x35a5 ./Core/Src/main.o
 .debug_macro   0x0000c933      0x190 ./Core/Src/main.o
 .debug_macro   0x0000cac3       0x5c ./Core/Src/main.o
 .debug_macro   0x0000cb1f      0x89f ./Core/Src/main.o
 .debug_macro   0x0000d3be      0x42e ./Core/Src/main.o
 .debug_macro   0x0000d7ec      0x189 ./Core/Src/main.o
 .debug_macro   0x0000d975      0x13f ./Core/Src/main.o
 .debug_macro   0x0000dab4       0xff ./Core/Src/main.o
 .debug_macro   0x0000dbb3       0x82 ./Core/Src/main.o
 .debug_macro   0x0000dc35      0x24f ./Core/Src/main.o
 .debug_macro   0x0000de84       0x28 ./Core/Src/main.o
 .debug_macro   0x0000deac      0x128 ./Core/Src/main.o
 .debug_macro   0x0000dfd4      0x1bd ./Core/Src/main.o
 .debug_macro   0x0000e191       0xb6 ./Core/Src/main.o
 .debug_macro   0x0000e247       0x16 ./Core/Src/main.o
 .debug_macro   0x0000e25d      0x321 ./Core/Src/main.o
 .debug_macro   0x0000e57e      0x419 ./Core/Src/main.o
 .debug_macro   0x0000e997       0xf2 ./Core/Src/main.o
 .debug_macro   0x0000ea89      0x788 ./Core/Src/main.o
 .debug_macro   0x0000f211       0x6c ./Core/Src/main.o
 .debug_macro   0x0000f27d      0x100 ./Core/Src/main.o
 .debug_macro   0x0000f37d       0x70 ./Core/Src/main.o
 .debug_macro   0x0000f3ed      0x1be ./Core/Src/stm32l0xx_hal_msp.o
 .debug_macro   0x0000f5ab      0x1c8 ./Core/Src/stm32l0xx_it.o
 .debug_macro   0x0000f773      0x1af ./Core/Src/system_stm32l0xx.o
 .debug_macro   0x0000f922      0x1d3 ./Drivers/STM32L0xx_HAL_Driver/Src/stm32l0xx_hal.o
 .debug_macro   0x0000faf5      0x1af ./Drivers/STM32L0xx_HAL_Driver/Src/stm32l0xx_hal_cortex.o
 .debug_macro   0x0000fca4      0x1b0 ./Drivers/STM32L0xx_HAL_Driver/Src/stm32l0xx_hal_flash.o
 .debug_macro   0x0000fe54      0x1af ./Drivers/STM32L0xx_HAL_Driver/Src/stm32l0xx_hal_flash_ex.o
 .debug_macro   0x00010003      0x1b6 ./Drivers/STM32L0xx_HAL_Driver/Src/stm32l0xx_hal_gpio.o
 .debug_macro   0x000101b9      0x1af ./Drivers/STM32L0xx_HAL_Driver/Src/stm32l0xx_hal_pwr.o
 .debug_macro   0x00010368      0x1b5 ./Drivers/STM32L0xx_HAL_Driver/Src/stm32l0xx_hal_pwr_ex.o
 .debug_macro   0x0001051d      0x1d3 ./Drivers/STM32L0xx_HAL_Driver/Src/stm32l0xx_hal_rcc.o
 .debug_macro   0x000106f0      0x1af ./Drivers/STM32L0xx_HAL_Driver/Src/stm32l0xx_hal_rcc_ex.o
 .debug_macro   0x0001089f      0x1b0 ./Drivers/STM32L0xx_HAL_Driver/Src/stm32l0xx_hal_rtc.o
 .debug_macro   0x00010a4f      0x1af ./Drivers/STM32L0xx_HAL_Driver/Src/stm32l0xx_hal_rtc_ex.o
 .debug_macro   0x00010bfe      0x1b0 ./Drivers/STM32L0xx_HAL_Driver/Src/stm32l0xx_hal_tim.o
 .debug_macro   0x00010dae      0x1af ./Drivers/STM32L0xx_HAL_Driver/Src/stm32l0xx_hal_tim_ex.o

.debug_line     0x00000000     0xe6ca
 .debug_line    0x00000000     0x1034 ./Core/Src/main.o
 .debug_line    0x00001034      0x7e9 ./Core/Src/stm32l0xx_hal_msp.o
 .debug_line    0x0000181d      0x7ee ./Core/Src/stm32l0xx_it.o
 .debug_line    0x0000200b      0x7cf ./Core/Src/system_stm32l0xx.o
 .debug_line    0x000027da       0x8d ./Core/Startup/startup_stm32l010c6tx.o
 .debug_line    0x00002867      0xa8e ./Drivers/STM32L0xx_HAL_Driver/Src/stm32l0xx_hal.o
 .debug_line    0x000032f5      0xa49 ./Drivers/STM32L0xx_HAL_Driver/Src/stm32l0xx_hal_cortex.o
 .debug_line    0x00003d3e      0xade ./Drivers/STM32L0xx_HAL_Driver/Src/stm32l0xx_hal_flash.o
 .debug_line    0x0000481c      0xd32 ./Drivers/STM32L0xx_HAL_Driver/Src/stm32l0xx_hal_flash_ex.o
 .debug_line    0x0000554e      0xada ./Drivers/STM32L0xx_HAL_Driver/Src/stm32l0xx_hal_gpio.o
 .debug_line    0x00006028      0x8bd ./Drivers/STM32L0xx_HAL_Driver/Src/stm32l0xx_hal_pwr.o
 .debug_line    0x000068e5      0x7f0 ./Drivers/STM32L0xx_HAL_Driver/Src/stm32l0xx_hal_pwr_ex.o
 .debug_line    0x000070d5      0xf85 ./Drivers/STM32L0xx_HAL_Driver/Src/stm32l0xx_hal_rcc.o
 .debug_line    0x0000805a      0xa84 ./Drivers/STM32L0xx_HAL_Driver/Src/stm32l0xx_hal_rcc_ex.o
 .debug_line    0x00008ade     0x1153 ./Drivers/STM32L0xx_HAL_Driver/Src/stm32l0xx_hal_rtc.o
 .debug_line    0x00009c31     0x13a1 ./Drivers/STM32L0xx_HAL_Driver/Src/stm32l0xx_hal_rtc_ex.o
 .debug_line    0x0000afd2     0x2f4d ./Drivers/STM32L0xx_HAL_Driver/Src/stm32l0xx_hal_tim.o
 .debug_line    0x0000df1f      0x7ab ./Drivers/STM32L0xx_HAL_Driver/Src/stm32l0xx_hal_tim_ex.o

.debug_str      0x00000000    0x68355
 .debug_str     0x00000000    0x68355 ./Core/Src/main.o
                              0x65e7f (size before relaxing)
 .debug_str     0x00068355    0x6541d ./Core/Src/stm32l0xx_hal_msp.o
 .debug_str     0x00068355    0x6521c ./Core/Src/stm32l0xx_it.o
 .debug_str     0x00068355    0x64a73 ./Core/Src/system_stm32l0xx.o
 .debug_str     0x00068355       0x78 ./Core/Startup/startup_stm32l010c6tx.o
 .debug_str     0x00068355    0x65101 ./Drivers/STM32L0xx_HAL_Driver/Src/stm32l0xx_hal.o
 .debug_str     0x00068355    0x64d56 ./Drivers/STM32L0xx_HAL_Driver/Src/stm32l0xx_hal_cortex.o
 .debug_str     0x00068355    0x64c6d ./Drivers/STM32L0xx_HAL_Driver/Src/stm32l0xx_hal_flash.o
 .debug_str     0x00068355    0x64f58 ./Drivers/STM32L0xx_HAL_Driver/Src/stm32l0xx_hal_flash_ex.o
 .debug_str     0x00068355    0x64c13 ./Drivers/STM32L0xx_HAL_Driver/Src/stm32l0xx_hal_gpio.o
 .debug_str     0x00068355    0x64bdf ./Drivers/STM32L0xx_HAL_Driver/Src/stm32l0xx_hal_pwr.o
 .debug_str     0x00068355    0x64abc ./Drivers/STM32L0xx_HAL_Driver/Src/stm32l0xx_hal_pwr_ex.o
 .debug_str     0x00068355    0x64f07 ./Drivers/STM32L0xx_HAL_Driver/Src/stm32l0xx_hal_rcc.o
 .debug_str     0x00068355    0x64c77 ./Drivers/STM32L0xx_HAL_Driver/Src/stm32l0xx_hal_rcc_ex.o
 .debug_str     0x00068355    0x64f29 ./Drivers/STM32L0xx_HAL_Driver/Src/stm32l0xx_hal_rtc.o
 .debug_str     0x00068355    0x65208 ./Drivers/STM32L0xx_HAL_Driver/Src/stm32l0xx_hal_rtc_ex.o
 .debug_str     0x00068355    0x65d4b ./Drivers/STM32L0xx_HAL_Driver/Src/stm32l0xx_hal_tim.o
 .debug_str     0x00068355    0x64ef0 ./Drivers/STM32L0xx_HAL_Driver/Src/stm32l0xx_hal_tim_ex.o

.comment        0x00000000       0x43
 .comment       0x00000000       0x43 ./Core/Src/main.o
                                 0x44 (size before relaxing)
 .comment       0x00000043       0x44 ./Core/Src/stm32l0xx_hal_msp.o
 .comment       0x00000043       0x44 ./Core/Src/stm32l0xx_it.o
 .comment       0x00000043       0x44 ./Core/Src/system_stm32l0xx.o
 .comment       0x00000043       0x44 ./Drivers/STM32L0xx_HAL_Driver/Src/stm32l0xx_hal.o
 .comment       0x00000043       0x44 ./Drivers/STM32L0xx_HAL_Driver/Src/stm32l0xx_hal_cortex.o
 .comment       0x00000043       0x44 ./Drivers/STM32L0xx_HAL_Driver/Src/stm32l0xx_hal_flash.o
 .comment       0x00000043       0x44 ./Drivers/STM32L0xx_HAL_Driver/Src/stm32l0xx_hal_flash_ex.o
 .comment       0x00000043       0x44 ./Drivers/STM32L0xx_HAL_Driver/Src/stm32l0xx_hal_gpio.o
 .comment       0x00000043       0x44 ./Drivers/STM32L0xx_HAL_Driver/Src/stm32l0xx_hal_pwr.o
 .comment       0x00000043       0x44 ./Drivers/STM32L0xx_HAL_Driver/Src/stm32l0xx_hal_pwr_ex.o
 .comment       0x00000043       0x44 ./Drivers/STM32L0xx_HAL_Driver/Src/stm32l0xx_hal_rcc.o
 .comment       0x00000043       0x44 ./Drivers/STM32L0xx_HAL_Driver/Src/stm32l0xx_hal_rcc_ex.o
 .comment       0x00000043       0x44 ./Drivers/STM32L0xx_HAL_Driver/Src/stm32l0xx_hal_rtc.o
 .comment       0x00000043       0x44 ./Drivers/STM32L0xx_HAL_Driver/Src/stm32l0xx_hal_rtc_ex.o
 .comment       0x00000043       0x44 ./Drivers/STM32L0xx_HAL_Driver/Src/stm32l0xx_hal_tim.o
 .comment       0x00000043       0x44 ./Drivers/STM32L0xx_HAL_Driver/Src/stm32l0xx_hal_tim_ex.o

.debug_frame    0x00000000     0x2db8
 .debug_frame   0x00000000      0x2d8 ./Core/Src/main.o
 .debug_frame   0x000002d8       0xcc ./Core/Src/stm32l0xx_hal_msp.o
 .debug_frame   0x000003a4      0x128 ./Core/Src/stm32l0xx_it.o
 .debug_frame   0x000004cc       0x4c ./Core/Src/system_stm32l0xx.o
 .debug_frame   0x00000518      0x394 ./Drivers/STM32L0xx_HAL_Driver/Src/stm32l0xx_hal.o
 .debug_frame   0x000008ac      0x2a0 ./Drivers/STM32L0xx_HAL_Driver/Src/stm32l0xx_hal_cortex.o
 .debug_frame   0x00000b4c      0x1a4 ./Drivers/STM32L0xx_HAL_Driver/Src/stm32l0xx_hal_flash.o
 .debug_frame   0x00000cf0      0x344 ./Drivers/STM32L0xx_HAL_Driver/Src/stm32l0xx_hal_flash_ex.o
 .debug_frame   0x00001034      0x110 ./Drivers/STM32L0xx_HAL_Driver/Src/stm32l0xx_hal_gpio.o
 .debug_frame   0x00001144      0x170 ./Drivers/STM32L0xx_HAL_Driver/Src/stm32l0xx_hal_pwr.o
 .debug_frame   0x000012b4       0xd8 ./Drivers/STM32L0xx_HAL_Driver/Src/stm32l0xx_hal_pwr_ex.o
 .debug_frame   0x0000138c      0x1a4 ./Drivers/STM32L0xx_HAL_Driver/Src/stm32l0xx_hal_rcc.o
 .debug_frame   0x00001530       0xfc ./Drivers/STM32L0xx_HAL_Driver/Src/stm32l0xx_hal_rcc_ex.o
 .debug_frame   0x0000162c      0x360 ./Drivers/STM32L0xx_HAL_Driver/Src/stm32l0xx_hal_rtc.o
 .debug_frame   0x0000198c      0x478 ./Drivers/STM32L0xx_HAL_Driver/Src/stm32l0xx_hal_rtc_ex.o
 .debug_frame   0x00001e04      0xef8 ./Drivers/STM32L0xx_HAL_Driver/Src/stm32l0xx_hal_tim.o
 .debug_frame   0x00002cfc       0x50 ./Drivers/STM32L0xx_HAL_Driver/Src/stm32l0xx_hal_tim_ex.o
 .debug_frame   0x00002d4c       0x20 D:/Programs/Windows/Install_dir/ST/STM32CubeIDE_1.19.0/STM32CubeIDE/plugins/com.st.stm32cube.ide.mcu.externaltools.gnu-tools-for-stm32.13.3.rel1.win32_1.0.0.202411081344/tools/bin/../lib/gcc/arm-none-eabi/13.3.1/../../../../arm-none-eabi/lib/thumb/v6-m/nofp\libc_nano.a(libc_a-memset.o)
 .debug_frame   0x00002d6c       0x2c D:/Programs/Windows/Install_dir/ST/STM32CubeIDE_1.19.0/STM32CubeIDE/plugins/com.st.stm32cube.ide.mcu.externaltools.gnu-tools-for-stm32.13.3.rel1.win32_1.0.0.202411081344/tools/bin/../lib/gcc/arm-none-eabi/13.3.1/../../../../arm-none-eabi/lib/thumb/v6-m/nofp\libc_nano.a(libc_a-init.o)
 .debug_frame   0x00002d98       0x20 D:/Programs/Windows/Install_dir/ST/STM32CubeIDE_1.19.0/STM32CubeIDE/plugins/com.st.stm32cube.ide.mcu.externaltools.gnu-tools-for-stm32.13.3.rel1.win32_1.0.0.202411081344/tools/bin/../lib/gcc/arm-none-eabi/13.3.1/thumb/v6-m/nofp\libgcc.a(_udivsi3.o)

.debug_line_str
                0x00000000       0x5c
 .debug_line_str
                0x00000000       0x5c ./Core/Startup/startup_stm32l010c6tx.o
